// Jest Snapshot v1, https://goo.gl/fbAQLP

exports[`Test all APIs: Test \`getCallerSite\` API: Should return the first call site from the caller stack trace when the callee is a specific function! 1`] = `CallSite {}`;

exports[`Test all APIs: Test \`getCallerSite\` API: Should return the first call site from the current stack trace when the callee is \`null\`! 1`] = `CallSite {}`;

exports[`Test all APIs: Test \`getCallerSite\` API: Should return the first call site from the current stack trace when the callee is \`undefined\`! 1`] = `CallSite {}`;

exports[`Test all APIs: Test \`stackTrace\` API: Should only return the first stack trace frame when the \`limit\` option is set to \`1\`! 1`] = `
[
  CallSite {},
]
`;

exports[`Test all APIs: Test \`stackTrace\` API: Should return the caller stack trace when the callee is a specific function! 1`] = `
[
  CallSite {},
  CallSite {},
  CallSite {},
  CallSite {},
  CallSite {},
  CallSite {},
  CallSite {},
  CallSite {},
  CallSite {},
  CallSite {},
  CallSite {},
  CallSite {},
  CallSite {},
  CallSite {},
  CallSite {},
  CallSite {},
]
`;

exports[`Test all APIs: Test \`stackTrace\` API: Should return the current stack trace when the callee is \`null\`! 1`] = `
[
  CallSite {},
  CallSite {},
  CallSite {},
  CallSite {},
  CallSite {},
  CallSite {},
  CallSite {},
  CallSite {},
  CallSite {},
  CallSite {},
  CallSite {},
  CallSite {},
  CallSite {},
  CallSite {},
  CallSite {},
  CallSite {},
]
`;

exports[`Test all APIs: Test \`stackTrace\` API: Should return the current stack trace when the callee is \`undefined\`! 1`] = `
[
  CallSite {},
  CallSite {},
  CallSite {},
  CallSite {},
  CallSite {},
  CallSite {},
  CallSite {},
  CallSite {},
  CallSite {},
  CallSite {},
  CallSite {},
  CallSite {},
  CallSite {},
  CallSite {},
  CallSite {},
  CallSite {},
]
`;
