// Jest Snapshot v1, https://goo.gl/fbAQLP

exports[`Test all APIs: Test \`stackTrace\` API: Should capture the current stack trace when the callee is \`null\`! 1`] = `
[
  CallSite {},
  CallSite {},
  CallSite {},
  CallSite {},
  CallSite {},
  CallSite {},
  CallSite {},
  CallSite {},
  CallSite {},
  CallSite {},
  CallSite {},
  CallSite {},
  CallSite {},
  CallSite {},
  CallSite {},
  CallSite {},
]
`;

exports[`Test all APIs: Test \`stackTrace\` API: Should capture the current stack trace when the callee is \`undefined\`! 1`] = `
[
  CallSite {},
  CallSite {},
  CallSite {},
  CallSite {},
  CallSite {},
  CallSite {},
  CallSite {},
  CallSite {},
  CallSite {},
  CallSite {},
  CallSite {},
  CallSite {},
  CallSite {},
  CallSite {},
  CallSite {},
  CallSite {},
]
`;

exports[`Test all APIs: Test \`stackTrace\` API: Should capture the stack trace of the caller when the callee is a specific function! 1`] = `
[
  CallSite {},
  CallSite {},
  CallSite {},
  CallSite {},
  CallSite {},
  CallSite {},
  CallSite {},
  CallSite {},
  CallSite {},
  CallSite {},
  CallSite {},
  CallSite {},
  CallSite {},
  CallSite {},
  CallSite {},
  CallSite {},
]
`;

exports[`Test all APIs: Test \`stackTrace\` API: Should only capture the first stack trace frame when the \`limit\` option is set to \`1\`! 1`] = `
[
  CallSite {},
]
`;
